Traceback (most recent call last):
  File "C:\Users\Aprendiz\miniconda3\envs\ml_venv\lib\site-packages\jupyter_core\utils\__init__.py", line 154, in wrapped
    asyncio.get_running_loop()
RuntimeError: no running event loop

During handling of the above exception, another exception occurred:

Traceback (most recent call last):
  File "C:\Users\Aprendiz\miniconda3\envs\ml_venv\lib\site-packages\jupyter_cache\executors\utils.py", line 58, in single_nb_execution
    executenb(
  File "C:\Users\Aprendiz\miniconda3\envs\ml_venv\lib\site-packages\nbclient\client.py", line 1319, in execute
    return NotebookClient(nb=nb, resources=resources, km=km, **kwargs).execute()
  File "C:\Users\Aprendiz\miniconda3\envs\ml_venv\lib\site-packages\jupyter_core\utils\__init__.py", line 158, in wrapped
    return loop.run_until_complete(inner)
  File "C:\Users\Aprendiz\miniconda3\envs\ml_venv\lib\asyncio\base_events.py", line 647, in run_until_complete
    return future.result()
  File "C:\Users\Aprendiz\miniconda3\envs\ml_venv\lib\site-packages\nbclient\client.py", line 709, in async_execute
    await self.async_execute_cell(
  File "C:\Users\Aprendiz\miniconda3\envs\ml_venv\lib\site-packages\nbclient\client.py", line 1062, in async_execute_cell
    await self._check_raise_for_error(cell, cell_index, exec_reply)
  File "C:\Users\Aprendiz\miniconda3\envs\ml_venv\lib\site-packages\nbclient\client.py", line 918, in _check_raise_for_error
    raise CellExecutionError.from_cell_and_msg(cell, exec_reply_content)
nbclient.exceptions.CellExecutionError: An error occurred while executing the following cell:
------------------
import pandas as pd
import matplotlib.pyplot as plt

# Detecta la columna de sexo
col_sexo = next((c for c in df.columns if 'sexo' in c.lower()), None)
if col_sexo is None:
    raise ValueError("No encuentro una columna que contenga 'sexo' en su nombre.")

# Tabla n y %
serie = (df[col_sexo].astype(str).str.strip().str.title()
         .replace({'Nan':'Desconocido'}))
vc = serie.value_counts(dropna=False)
pct = (vc / vc.sum() * 100).round(1)
tabla = pd.DataFrame({'Frecuencia Absoluta': vc, 'Frecuencia Porcentual %': pct})
from IPython.display import display
display(tabla)

# Gráfico
fig, ax = plt.subplots()
ax.bar(vc.index, vc.values)
ax.set_title("Distribución por sexo")
ax.set_ylabel("Número de casos")
for i, v in enumerate(vc.values):
    #ax.text(i, v, f"{v}\n{pct.iloc[i]}%", ha='center', va='bottom', fontsize=9)
plt.show()

------------------


[1;36m  Cell [1;32mIn[6], line 25[1;36m[0m
[1;33m    plt.show()[0m
[1;37m    ^[0m
[1;31mIndentationError[0m[1;31m:[0m expected an indented block


